[CONFIG] Setting up environment variables...
[CONFIG] Building explicit module path from JARs in lib directory...
[CLEAN] Removing previous build directory...
[CLEAN] Previous build directory removed.
[SETUP] Creating build directories...
[SETUP] Build directories created.
[COPY] Copying resources (FXML, CSS, Images)...
[COPY] Resources copied successfully.
[COMPILE] Finding all .java files...
[COMPILE] Compiling Java sources...
[ERROR] Compilation failed. See errors above.
