error: the unnamed module reads package com.jfoenix.validation from both jfoenix.1 and jfoenix
error: the unnamed module reads package com.jfoenix.validation.base from both jfoenix.1 and jfoenix
error: the unnamed module reads package com.jfoenix.transitions from both jfoenix.1 and jfoenix
error: the unnamed module reads package com.jfoenix.transitions.hamburger from both jfoenix.1 and jfoenix
error: the unnamed module reads package com.jfoenix.svg from both jfoenix.1 and jfoenix
error: the unnamed module reads package com.jfoenix.skins from both jfoenix.1 and jfoenix
error: the unnamed module reads package com.jfoenix.responsive from both jfoenix.1 and jfoenix
error: the unnamed module reads package com.jfoenix.effects from both jfoenix.1 and jfoenix
error: the unnamed module reads package com.jfoenix.converters from both jfoenix.1 and jfoenix
error: the unnamed module reads package com.jfoenix.converters.base from both jfoenix.1 and jfoenix
error: the unnamed module reads package com.jfoenix.controls from both jfoenix.1 and jfoenix
error: the unnamed module reads package com.jfoenix.controls.events from both jfoenix.1 and jfoenix
error: the unnamed module reads package com.jfoenix.controls.datamodels.treetable from both jfoenix.1 and jfoenix
error: the unnamed module reads package com.jfoenix.controls.cells.editors from both jfoenix.1 and jfoenix
error: the unnamed module reads package com.jfoenix.controls.cells.editors.base from both jfoenix.1 and jfoenix
error: the unnamed module reads package com.jfoenix.controls.behavior from both jfoenix.1 and jfoenix
error: the unnamed module reads package com.jfoenix.concurrency from both jfoenix.1 and jfoenix
error: the unnamed module reads package com.jfoenix.animation from both jfoenix.1 and jfoenix
error: the unnamed module reads package com.jfoenix.animation.alert from both jfoenix.1 and jfoenix
error: the unnamed module reads package com.lowagie.tools from both com.lowagie.text and itext
error: the unnamed module reads package com.lowagie.text from both com.lowagie.text and itext
error: the unnamed module reads package com.lowagie.text.xml from both com.lowagie.text and itext
error: the unnamed module reads package com.lowagie.text.xml.xmp from both com.lowagie.text and itext
error: the unnamed module reads package com.lowagie.text.xml.simpleparser from both com.lowagie.text and itext
error: the unnamed module reads package com.lowagie.text.pdf from both com.lowagie.text and itext
error: the unnamed module reads package com.lowagie.text.pdf.parser from both com.lowagie.text and itext
error: the unnamed module reads package com.lowagie.text.pdf.internal from both com.lowagie.text and itext
error: the unnamed module reads package com.lowagie.text.pdf.interfaces from both com.lowagie.text and itext
error: the unnamed module reads package com.lowagie.text.pdf.hyphenation from both com.lowagie.text and itext
error: the unnamed module reads package com.lowagie.text.pdf.fonts from both com.lowagie.text and itext
error: the unnamed module reads package com.lowagie.text.pdf.fonts.cmaps from both com.lowagie.text and itext
error: the unnamed module reads package com.lowagie.text.pdf.events from both com.lowagie.text and itext
error: the unnamed module reads package com.lowagie.text.pdf.draw from both com.lowagie.text and itext
error: the unnamed module reads package com.lowagie.text.pdf.crypto from both com.lowagie.text and itext
error: the unnamed module reads package com.lowagie.text.pdf.collection from both com.lowagie.text and itext
error: the unnamed module reads package com.lowagie.text.pdf.codec from both com.lowagie.text and itext
error: the unnamed module reads package com.lowagie.text.pdf.codec.wmf from both com.lowagie.text and itext
error: the unnamed module reads package com.lowagie.text.html from both com.lowagie.text and itext
error: the unnamed module reads package com.lowagie.text.html.simpleparser from both com.lowagie.text and itext
error: the unnamed module reads package com.lowagie.text.factories from both com.lowagie.text and itext
error: the unnamed module reads package com.lowagie.text.exceptions from both com.lowagie.text and itext
error: the unnamed module reads package net.sf.jasperreports.web from both jasperreports and jasperreports.javaflow
error: the unnamed module reads package net.sf.jasperreports.web.util from both jasperreports and jasperreports.javaflow
error: the unnamed module reads package net.sf.jasperreports.web.servlets from both jasperreports and jasperreports.javaflow
error: the unnamed module reads package net.sf.jasperreports.web.listeners from both jasperreports and jasperreports.javaflow
error: the unnamed module reads package net.sf.jasperreports.web.commands from both jasperreports and jasperreports.javaflow
error: the unnamed module reads package net.sf.jasperreports.web.actions from both jasperreports and jasperreports.javaflow
error: the unnamed module reads package net.sf.jasperreports.view from both jasperreports and jasperreports.javaflow
error: the unnamed module reads package net.sf.jasperreports.view.save from both jasperreports and jasperreports.javaflow
error: the unnamed module reads package net.sf.jasperreports.util from both jasperreports and jasperreports.javaflow
error: the unnamed module reads package net.sf.jasperreports.types.date from both jasperreports and jasperreports.javaflow
error: the unnamed module reads package net.sf.jasperreports.swing from both jasperreports and jasperreports.javaflow
error: the unnamed module reads package net.sf.jasperreports.search from both jasperreports and jasperreports.javaflow
error: the unnamed module reads package net.sf.jasperreports.repo from both jasperreports and jasperreports.javaflow
error: the unnamed module reads package net.sf.jasperreports.renderers from both jasperreports and jasperreports.javaflow
error: the unnamed module reads package net.sf.jasperreports.renderers.util from both jasperreports and jasperreports.javaflow
error: the unnamed module reads package net.sf.jasperreports.properties from both jasperreports and jasperreports.javaflow
error: the unnamed module reads package net.sf.jasperreports.phantomjs from both jasperreports and jasperreports.javaflow
error: the unnamed module reads package net.sf.jasperreports.parts from both jasperreports and jasperreports.javaflow
error: the unnamed module reads package net.sf.jasperreports.parts.subreport from both jasperreports and jasperreports.javaflow
error: the unnamed module reads package net.sf.jasperreports.olap from both jasperreports and jasperreports.javaflow
error: the unnamed module reads package net.sf.jasperreports.olap.xmla from both jasperreports and jasperreports.javaflow
error: the unnamed module reads package net.sf.jasperreports.olap.result from both jasperreports and jasperreports.javaflow
error: the unnamed module reads package net.sf.jasperreports.olap.olap4j from both jasperreports and jasperreports.javaflow
error: the unnamed module reads package net.sf.jasperreports.olap.mondrian from both jasperreports and jasperreports.javaflow
error: the unnamed module reads package net.sf.jasperreports.olap.mapping from both jasperreports and jasperreports.javaflow
error: the unnamed module reads package net.sf.jasperreports.j2ee.servlets from both jasperreports and jasperreports.javaflow
error: the unnamed module reads package net.sf.jasperreports.governors from both jasperreports and jasperreports.javaflow
error: the unnamed module reads package net.sf.jasperreports.functions from both jasperreports and jasperreports.javaflow
error: the unnamed module reads package net.sf.jasperreports.functions.annotations from both jasperreports and jasperreports.javaflow
error: the unnamed module reads package net.sf.jasperreports.extensions from both jasperreports and jasperreports.javaflow
error: the unnamed module reads package net.sf.jasperreports.export from both jasperreports and jasperreports.javaflow
error: the unnamed module reads package net.sf.jasperreports.export.type from both jasperreports and jasperreports.javaflow
error: the unnamed module reads package net.sf.jasperreports.export.parameters from both jasperreports and jasperreports.javaflow
error: the unnamed module reads package net.sf.jasperreports.export.annotations from both jasperreports and jasperreports.javaflow
error: the unnamed module reads package net.sf.jasperreports.engine from both jasperreports and jasperreports.javaflow
error: the unnamed module reads package net.sf.jasperreports.engine.xml from both jasperreports and jasperreports.javaflow
error: the unnamed module reads package net.sf.jasperreports.engine.virtualization from both jasperreports and jasperreports.javaflow
error: the unnamed module reads package net.sf.jasperreports.engine.util from both jasperreports and jasperreports.javaflow
error: the unnamed module reads package net.sf.jasperreports.engine.util.xml from both jasperreports and jasperreports.javaflow
error: the unnamed module reads package net.sf.jasperreports.engine.util.json from both jasperreports and jasperreports.javaflow
error: the unnamed module reads package net.sf.jasperreports.engine.type from both jasperreports and jasperreports.javaflow
error: the unnamed module reads package net.sf.jasperreports.engine.style from both jasperreports and jasperreports.javaflow
error: the unnamed module reads package net.sf.jasperreports.engine.scriptlets from both jasperreports and jasperreports.javaflow
error: the unnamed module reads package net.sf.jasperreports.engine.query from both jasperreports and jasperreports.javaflow
error: the unnamed module reads package net.sf.jasperreports.engine.print from both jasperreports and jasperreports.javaflow
error: the unnamed module reads package net.sf.jasperreports.engine.part from both jasperreports and jasperreports.javaflow
error: the unnamed module reads package net.sf.jasperreports.engine.json from both jasperreports and jasperreports.javaflow
error: the unnamed module reads package net.sf.jasperreports.engine.json.parser from both jasperreports and jasperreports.javaflow
error: the unnamed module reads package net.sf.jasperreports.engine.json.expression from both jasperreports and jasperreports.javaflow
error: the unnamed module reads package net.sf.jasperreports.engine.json.expression.member from both jasperreports and jasperreports.javaflow
error: the unnamed module reads package net.sf.jasperreports.engine.json.expression.member.evaluation from both jasperreports and jasperreports.javaflow
error: the unnamed module reads package net.sf.jasperreports.engine.json.expression.filter from both jasperreports and jasperreports.javaflow
error: the unnamed module reads package net.sf.jasperreports.engine.json.expression.filter.evaluation from both jasperreports and jasperreports.javaflow
error: the unnamed module reads package net.sf.jasperreports.engine.fonts from both jasperreports and jasperreports.javaflow
error: the unnamed module reads package net.sf.jasperreports.engine.fill from both jasperreports and jasperreports.javaflow
error: the unnamed module reads package net.sf.jasperreports.engine.export from both jasperreports and jasperreports.javaflow
error: the unnamed module reads package net.sf.jasperreports.engine.export.zip from both jasperreports and jasperreports.javaflow
error: the unnamed module reads package net.sf.jasperreports.engine.export.type from both jasperreports and jasperreports.javaflow
error: the unnamed module reads package net.sf.jasperreports.engine.export.tabulator from both jasperreports and jasperreports.javaflow
100 errors
only showing the first 100 errors, of 5161 total; use -Xmaxerrs if you would like to see more
